<html>
<body>
<pre>
<h1>µVision Build Log</h1>
<h2>Project:</h2>
C:\Users\Bartek\OneDrive\Pulpit\git\gpio.uvproj
Project File Date:  05/23/2022

<h2>Output:</h2>
Clean started: Project: 'gpio'
   deleting intermediate output files for target 'Target 1'
Rebuild target 'Target 1'
assembling Startup.s...
compiling gpio.c...
linking...
Program Size: Code=1304 RO-data=32 RW-data=4 ZI-data=1260  
FromELF: creating hex file...
".\gpio.axf" - 0 Errors, 0 Warning(s).
Clean started: Project: 'gpio'
   deleting intermediate output files for target 'Target 1'
